[0.010s][info][gc] Using G1
[0.205s][info][gc] GC(0) Pause Young (Concurrent Start) (G1 Humongous Allocation) 154M->75M(512M) 1.617ms
[0.205s][info][gc] GC(1) Concurrent Undo Cycle
[0.209s][info][gc] GC(1) Concurrent Undo Cycle 3.938ms
[0.304s][info][gc] GC(2) Pause Young (Concurrent Start) (G1 Humongous Allocation) 220M->146M(512M) 0.880ms
[0.304s][info][gc] GC(3) Concurrent Undo Cycle
[0.304s][info][gc] GC(4) Pause Young (Normal) (G1 Humongous Allocation) 146M->146M(512M) 0.661ms
[0.310s][info][gc] GC(5) Pause Full (G1 Compaction Pause) 146M->146M(494M) 5.793ms
[0.314s][info][gc] GC(6) Pause Full (G1 Compaction Pause) 146M->146M(494M) 2.717ms
[0.315s][info][gc] GC(3) Concurrent Undo Cycle 11.248ms
